// Jest Snapshot v1, https://goo.gl/fbAQLP

exports[`SubscriptionCard Should render correctly 1`] = `ShallowWrapper {}`;
