// Jest Snapshot v1, https://goo.gl/fbAQLP

exports[`Checkbox Should render correctly 1`] = `
<div
  className="checkbox position-relative d-flex align-items-center custom-checkbox-class"
>
  <input
    checked={true}
    className="checkbox__input-field margin-0 cursor-pointer"
    onChange={[Function]}
    type="checkbox"
  />
  <div
    className="checkbox__box d-flex justify-content-between align-items-center"
  >
    <i
      className="fa fa-check checkbox__tick"
    />
  </div>
  <label
    className="checkbox__label font-size-14 wt-500 padding-0 margin-left-12 cursor-pointer"
  >
    Checkbox Label
  </label>
</div>
`;
