// Jest Snapshot v1, https://goo.gl/fbAQLP

exports[`Circular Loader Should render correctly 1`] = `
<div
  className="loader-container d-flex align-items-center justify-content-center"
>
  <div
    className="loader-container__spinner"
  />
</div>
`;
