// Jest Snapshot v1, https://goo.gl/fbAQLP

exports[`SvgWrapper Should render correctly 1`] = `ShallowWrapper {}`;
