// Jest Snapshot v1, https://goo.gl/fbAQLP

exports[`Linear Loader Should render correctly 1`] = `ShallowWrapper {}`;
