// Jest Snapshot v1, https://goo.gl/fbAQLP

exports[`BaseCard Should render correctly 1`] = `
<div
  className="wrapper padding-15 margin-bottom-15 channel-bg border-radius-8 base-card"
>
  <div>
    Base card children
  </div>
</div>
`;
