// Jest Snapshot v1, https://goo.gl/fbAQLP

exports[`Popover Should render correctly and matches snapshot 1`] = `ReactWrapper {}`;
